<html>
<body>
<pre>
<h1>µVision Build Log</h1>
<h2>Tool Versions:</h2>
IDE-Version: ¦ÌVision V5.25.2.0
Copyright (C) 2018 ARM Ltd and ARM Germany GmbH. All rights reserved.
License Information: xy xy, HP Inc., LIC=32B1Q-NS4HZ-EVU1R-KP5ZR-V5YIZ-9PTW6
 
Tool Versions:
Toolchain:       MDK-ARM Plus  Version: 5.25.2.0
Toolchain Path:  D:\mdk\ARM\ARMCC\Bin
C Compiler:      Armcc.exe V5.06 update 6 (build 750)
Assembler:       Armasm.exe V5.06 update 6 (build 750)
Linker/Locator:  ArmLink.exe V5.06 update 6 (build 750)
Library Manager: ArmAr.exe V5.06 update 6 (build 750)
Hex Converter:   FromElf.exe V5.06 update 6 (build 750)
CPU DLL:         SARMCM3.DLL V5.25.2.0
Dialog DLL:      DCM.DLL V1.17.1.0
Target DLL:      CMSIS_AGDI.dll V1.29.10.0
Dialog DLL:      TCM.DLL V1.35.1.0
 
<h2>Project:</h2>
H:\codelib\MotorCode\MDK-ARM\MotorCode.uvprojx
Project File Date:  11/19/2023

<h2>Output:</h2>
*** Using Compiler 'V5.06 update 6 (build 750)', folder: 'D:\mdk\ARM\ARMCC\Bin'
Rebuild target 'MotorCode'
assembling startup_stm32g431xx.s...
compiling stm32g4xx_ll_adc.c...
compiling tim.c...
compiling adc.c...
compiling main.c...
compiling stm32g4xx_it.c...
compiling stm32g4xx_hal.c...
compiling gpio.c...
compiling opamp.c...
compiling usart.c...
compiling stm32g4xx_hal_adc.c...
compiling stm32g4xx_hal_msp.c...
compiling stm32g4xx_hal_flash.c...
compiling dma.c...
compiling stm32g4xx_hal_rcc_ex.c...
compiling stm32g4xx_hal_adc_ex.c...
compiling stm32g4xx_hal_rcc.c...
compiling stm32g4xx_hal_flash_ex.c...
compiling stm32g4xx_hal_gpio.c...
compiling stm32g4xx_hal_exti.c...
compiling stm32g4xx_hal_flash_ramfunc.c...
compiling stm32g4xx_hal_dma.c...
compiling stm32g4xx_hal_pwr_ex.c...
compiling stm32g4xx_hal_dma_ex.c...
compiling stm32g4xx_hal_pwr.c...
compiling stm32g4xx_hal_cortex.c...
compiling stm32g4xx_hal_opamp.c...
compiling stm32g4xx_hal_opamp_ex.c...
compiling stm32g4xx_hal_tim_ex.c...
compiling stm32g4xx_hal_tim.c...
compiling system_stm32g4xx.c...
compiling stm32g4xx_hal_uart_ex.c...
compiling stm32g4xx_hal_uart.c...
linking...
Program Size: Code=18690 RO-data=570 RW-data=84 ZI-data=2316  
FromELF: creating hex file...
"MotorCode\MotorCode.axf" - 0 Error(s), 0 Warning(s).

<h2>Software Packages used:</h2>

Package Vendor: ARM
                http://www.keil.com/pack/ARM.CMSIS.5.3.0.pack
                ARM.CMSIS.5.3.0
                CMSIS (Cortex Microcontroller Software Interface Standard)
   * Component: CORE Version: 5.1.1

Package Vendor: Keil
                http://www.keil.com/pack/Keil.STM32G4xx_DFP.1.4.0.pack
                Keil.STM32G4xx_DFP.1.4.0
                STMicroelectronics STM32G4 Series Device Support, Drivers and Examples

<h2>Collection of Component include folders:</h2>
  .\RTE\_MotorCode
  D:\mdk\ARM\PACK\ARM\CMSIS\5.3.0\CMSIS\Include
  D:\mdk\ARM\PACK\Keil\STM32G4xx_DFP\1.4.0\Drivers\CMSIS\Device\ST\STM32G4xx\Include

<h2>Collection of Component Files used:</h2>

   * Component: ARM::CMSIS:CORE:5.1.1
Build Time Elapsed:  00:00:36
</pre>
</body>
</html>
